<html>
<body>
<pre>
<h1>µVision Build Log</h1>
<h2>Project:</h2>
C:\Users\gvjeg\Desktop\embedded c\ARM\LED\led.uvproj
Project File Date:  04/30/2025

<h2>Output:</h2>
Build target 'Target 1'
compiling led.c...
linking...
Program Size: Code=536 RO-data=16 RW-data=0 ZI-data=1256  
FromELF: creating hex file...
".\led.axf" - 0 Error(s), 0 Warning(s).
</pre>
</body>
</html>
not created
gned int)" (declared at line 3)
  void delay(unsigned int i){
led.c(19): error:  #101: "i" has already been declared in the current scope
        int i,j;
led.c(27): warning:  #1-D: last line of file ends without a newline
  }
led.c: 2 warnings, 2 errors
".\led.axf" - 2 Error(s), 2 Warning(s).
Target not created
