<html>
<body>
<pre>
<h1>µVision Build Log</h1>
<h2>Project:</h2>
C:\Users\gvjeg\Desktop\embedded c\ARM\SPI\ARM_ARDUINO\MESSAGE\MASTER_ARM_SPI\M_ARM_SPI.C
Project File Date:  05/22/2025

<h2>Output:</h2>
Build target 'Target 1'
compiling M_ARM_SPI.C...
linking...
Program Size: Code=872 RO-data=32 RW-data=4 ZI-data=1260  
FromELF: creating hex file...
".\M_ARM_SPI.axf" - 0 Error(s), 0 Warning(s).
</pre>
</body>
</html>
I-data=1260  
".\M_ARM_SPI.axf" - 0 Error(s), 1 Warning(s).

M_ARM_SPI.C: 1 warning, 1 error
".\M_ARM_SPI.axf" - 1 Error(s), 1 Warning(s).
Target not created
