<html>
<body>
<pre>
<h1>µVision Build Log</h1>
<h2>Project:</h2>
C:\Users\gvjeg\Desktop\embedded c\ARM\SPI\SPI_EEPROM\SPI_EEPROM.c
Project File Date:  05/23/2025

<h2>Output:</h2>
Build target 'Target 1'
linking...
Program Size: Code=728 RO-data=16 RW-data=0 ZI-data=1256  
FromELF: creating hex file...
".\SPI_EEPROM.axf" - 0 Error(s), 0 Warning(s).
</pre>
</body>
</html>

"SPI_EEPROM.c" - 0 Error(s), 0 Warning(s).
LF: creating hex file...
".\SPI_EEPROM.axf" - 0 Error(s), 1 Warning(s).
.

Target not created
